                                                   IAHR23FL
                                                IAHR23FL_DICT

                                        IAHR23FL.DCF
                                    Last Modified:  6/7/2010  12:11:17 PM

--------------------------------------------------------------------------------------------------------------
Level Label                                                 Level Name                     Type            Rec
  Record Label                                                Record Name                 Value  Req  Max  Len
--------------------------------------------------------------------------------------------------------------
HOUSEHOLD                                                   HOUSEHOLD
  RECORD1                                                     RECORD1                            Yes    1 2106
Level: HOUSEHOLD                                       Record: RECORD1
--------------------------------------------------------------------------------------------------------------
                                                                                 Data Item            Dec Zero
Item Label                                     Item Name              Start  Len Type Type  Occ  Dec Char Fill
--------------------------------------------------------------------------------------------------------------
  (record type)                                                           0    0   AN    I    1    0   No   No
Case Identification                       (id) HHID                       1   12   AN    I    1    0   No   No
Country code and phase                         HV000                     13    3   AN    I    1    0   No   No
Cluster number                                 HV001                     16    8    N    I    1    0   No   No
Household number                               HV002                     24    4    N    I    1    0   No   No
Respondent's line number                       HV003                     28    3    N    I    1    0   No   No
Ultimate area unit                             HV004                     31    4    N    I    1    0   No   No
Sample weight                                  HV005                     35    8    N    I    1    0   No   No
Month of interview                             HV006                     43    2    N    I    1    0   No   No
        1:12  
Year of interview                              HV007                     45    2    N    I    1    0   No   No
        90:93  
Date of interview (CMC)                        HV008                     47    4    N    I    1    0   No   No
Number of household members                    HV009                     51    2    N    I    1    0   No   No
        0:90  
Number of eligible women in HH                 HV010                     53    2    N    I    1    0   No   No
        0:20  
Number of eligible men in HH                   HV011                     55    2    N    I    1    0   No   No
        0:20  
Number of de jure members                      HV012                     57    2    N    I    1    0   No   No
        0:90  
Number of de facto members                     HV013                     59    2    N    I    1    0   No   No
        0:90  
Number of children 5 and under                 HV014                     61    2    N    I    1    0   No   No
        0:20  
Result of household interview                  HV015                     63    1    N    I    1    0   No   No
        1  Completed
        2  HH present, no resp
        3  HH absent
        4  Postponed
        5  Refused
        6  Dwelling vacant
        7  Dwelling destroyed
        8  Dwelling not found
        9  Other
Day of interview                               HV016                     64    2    N    I    1    0   No   No
        1:31  
Number of visits                               HV017                     66    1    N    I    1    0   No   No
        1:4  
Interviewer identification                     HV018                     67    3    N    I    1    0   No   No
    (m) 999  Missing
Keyer identification                           HV019                     70    2    N    I    1    0   No   No
    (m) 99  Missing
Ever-married sample                            HV020                     72    1    N    I    1    0   No   No
        0  All woman sample
        1  Ever married sample
Primary sampling unit                          HV021                     73    4    N    I    1    0   No   No
Sample stratum number                          HV022                     77    4    N    I    1    0   No   No
Sample domain                                  HV023                     81    2    N    I    1    0   No   No
        0  National
        1  Country specific
State                                          HV024                     83    2    N    I    1    0   No   No
        2      Andhra Pradesh
        3      Assam
        4      Bihar
        5      Goa
        6      Gujarat
        7      Haryana
        8      Himachal Pradesh
        9      Jammu
        10     Karnataka
        11     Kerala
        12     Madhya Pradesh
        13     Maharashtra
        14     Manipur
        15     Meghalaya
        16     Mizoram
        17     Nagaland
        18     Orissa
        19     Punjab
        20     Rajasthan
        21     
        22     Tamil Nadu
        23     West Bengal
        24     Uttar Pradesh
        25:29  
        30     New Delhi
        31:33  
        34     ArunachalPradesh
        35     Tripura
Type of place of residence                     HV025                     85    1    N    I    1    0   No   No
        1  Urban
        2  Rural
Place of residence                             HV026                     86    1    N    I    1    0   No   No
        0  Capital, large city
        1  Small city
        2  Town
        3  Countryside
    (m) 9  Missing
Selection for male/husb. int.                  HV027                     87    1    N    I    1    0   No   No
        0  Not selected
        1  Men's survey
        2  Husband's survey
   (na)    NotAppl
Sample weight for male subsamp                 HV028                     88    8    N    I    1    0   No   No
   (na)           NotAppl
Source of drinking water                       HV201                     96    2    N    I    1    0   No   No
        10     PIPED WATER
        11     Piped into residence
        12     Public tap
        13:19  
        20     WELL WATER
        21     Well in residence
        22     Public well
        23     Handpump in yrd/plot
        24     Public handpump
        25:29  
        30     SURFACE WATER
        31     Spring
        32     River,stream
        33     Pond,lake
        34     Dam
        35:40  
        41     Rainwater
        42:50  
        51     Tanker truck
        52:60  
        61     Bottled water
        62:70  
        71     Other
    (m) 99     Missing
   (na)        NotAppl
Source of non-drinking water                   HV202                     98    2    N    I    1    0   No   No
        10     PIPED WATER
        11     Piped into residence
        12     Public tap
        13:19  
        20     WELL WATER
        21     Well in residence
        22     Public well
        23     Handpump in yrd/plot
        24     Public handpump
        25:29  
        30     SURFACE WATER
        31     Spring
        32     River,stream
        33     Pond,lake
        34     Dam
        35:40  
        41     Rainwater
        42:50  
        51     Tanker truck
        52:60  
        61     Bottled water
        62:70  
        71     Other
    (m) 99     Missing
   (na)        NotAppl
Same source of water                           HV203                    100    1    N    I    1    0   No   No
        0  No
        1  Yes
    (m) 9  Missing
Time to get to water source                    HV204                    101    3    N    I    1    0   No   No
        996  On premises
    (m) 999  Missing
   (na)      NotAppl
Type of toilet facility                        HV205                    104    2    N    I    1    0   No   No
        10     FLUSH TOILET
        11     Own flush toilet
        12     Shared flush toilet
        13     Public Flush Toilet
        14:19  
        20     PIT TOILET LATRINE
        21     Own pit toilet/latrine
        22     Shared pit toilet/latrine
        23     Public pit toilet/latrine
        24:29  
        30     NO FACILITY
        31     No facility,bush
        32:39  
        40     OTHER
        41     Other
    (m) 99     Missing
   (na)        NotAppl
Has electricity                                HV206                    106    1    N    I    1    0   No   No
        0  No
        1  Yes
    (m) 9  Missing
   (na)    NotAppl
Has radio                                      HV207                    107    1    N    I    1    0   No   No
        0  No
        1  Yes
    (m) 9  Missing
   (na)    NotAppl
Has television                                 HV208                    108    1    N    I    1    0   No   No
        0  No
        1  Yes
    (m) 9  Missing
   (na)    NotAppl
Has refrigerator                               HV209                    109    1    N    I    1    0   No   No
        0  No
        1  Yes
    (m) 9  Missing
   (na)    NotAppl
Has bicycle                                    HV210                    110    1    N    I    1    0   No   No
        0  No
        1  Yes
    (m) 9  Missing
   (na)    NotAppl
Has motorcycle                                 HV211                    111    1    N    I    1    0   No   No
        0  No
        1  Yes
    (m) 9  Missing
   (na)    NotAppl
Has car                                        HV212                    112    1    N    I    1    0   No   No
        0  No
        1  Yes
    (m) 9  Missing
   (na)    NotAppl
Main floor material NA                         HV213                    113    2    N    I    1    0   No   No
        10:41  
    (m) 99     Missing
   (na)        NotAppl
Main wall material NA                          HV214                    115    2    N    I    1    0   No   No
        10:41  
    (m) 99     Missing
   (na)        NotAppl
Main roof material NA                          HV215                    117    2    N    I    1    0   No   No
        10:41  
    (m) 99     Missing
   (na)        NotAppl
Rooms for sleeping NA                          HV216                    119    2    N    I    1    0   No   No
    (m) 99  Missing
   (na)     NotAppl
Relationship structure                         HV217                    121    1    N    I    1    0   No   No
        0  No adults
        1  One adult
        2  Two adults, opp. sex
        3  Two adults, same sex
        4  Three+ related adult
        5  Unrelated adults
Line number of head of househ.                 HV218                    122    2    N    I    1    0   No   No
        1:90  
Sex of head of household                       HV219                    124    1    N    I    1    0   No   No
        1  Male
        2  Female
    (m) 9  Missing
Age of head of household                       HV220                    125    2    N    I    1    0   No   No
        0:96  
        97    97+
        98    DK
    (m) 99    Missing
Main source lighting in HH                     SH027                    127    1    N    I    1    0   No   No
        1  Electricity
        2  Kerosene
        3  Gas
        4  Oil
        5  Other
    (m) 9  Missing
   (na)    NotAppl
Rooms in Household                             SH028                    128    2    N    I    1    0   No   No
        1:50  
    (m) 99    Missing
   (na)       NotAppl
Separate room used as kitchen?                 SH029                    130    1    N    I    1    0   No   No
        0  No
        1  Yes
    (m) 9  Missing
   (na)    NotAppl
Type of fuel used for cooking                  SH030                    131    2    N    I    1    0   No   No
        1   Wood
        2   Cow dung cakes
        3   Coal/coke/lignite
        4   Charcoal
        5   Kerosene
        6   Electricity
        7   Liquid petroleum gas
        8   Bio-gas
        9   Other
    (m) 99  Missing
   (na)     NotAppl
Type of house                                  SH031                    133    1    N    I    1    0   No   No
        1  Pucca
        2  Kachha
        3  Semi-Pucca
    (m) 9  Missing
   (na)    NotAppl
Head HH belong scheduled tribe                 SH033                    134    1    N    I    1    0   No   No
        0  No
        1  Yes
    (m) 9  Missing
   (na)    NotAppl
Name of tribe?                                 SH034                    135    4    N    I    1    0   No   No
        0     Other
    (m) 9999  Missing
   (na)       NotAppl
Which caste head HH belong?                    SH035                    139    4    N    I    1    0   No   No
        0     Other
        9996  No Caste
    (m) 9999  Missing
   (na)       NotAppl
This HH own agricultural land?                 SH036                    143    1    N    I    1    0   No   No
        0  No
        1  Yes
    (m) 9  Missing
   (na)    NotAppl
Size of non-irr agricul land?                  SH037                    144    3    N    I    1    0   No   No
        0      None
        1:995  
        996    < 1
        998    DK
    (m) 999    Missing
   (na)        NotAppl
Size irrigated land; acres                     SH038                    147    3    N    I    1    0   No   No
        0      None
        1:995  
        996    < 1
        998    DK
    (m) 999    Missing
   (na)        NotAppl
Own any livestock                              SH039                    150    1    N    I    1    0   No   No
        0  No
        1  Yes
    (m) 9  Missing
   (na)    NotAppl
Own bullock?                                   SH040A                   151    1    N    I    1    0   No   No
        0  No
        1  Yes
   (na)    NotAppl
Own cow?                                       SH040B                   152    1    N    I    1    0   No   No
        0  No
        1  Yes
   (na)    NotAppl
Own buffalo?                                   SH040C                   153    1    N    I    1    0   No   No
        0  No
        1  Yes
   (na)    NotAppl
Own goat?                                      SH040D                   154    1    N    I    1    0   No   No
        0  No
        1  Yes
   (na)    NotAppl
Own sheep?                                     SH040E                   155    1    N    I    1    0   No   No
        0  No
        1  Yes
   (na)    NotAppl
Own camel?                                     SH040F                   156    1    N    I    1    0   No   No
        0  No
        1  Yes
   (na)    NotAppl
Own other animal                               SH040G                   157    1    N    I    1    0   No   No
        0  No
        1  Yes
   (na)    NotAppl
Where animals kept at night?                   SH041                    158    1    N    I    1    0   No   No
        1  In the house
        2  Outside the house
    (m) 9  Missing
   (na)    NotAppl
Sewing machine                                 SH042A                   159    1    N    I    1    0   No   No
        0  No
        1  Yes
    (m) 9  Missing
   (na)    NotAppl
Clock/watch                                    SH042B                   160    1    N    I    1    0   No   No
        0  No
        1  Yes
    (m) 9  Missing
   (na)    NotAppl
Sofa set                                       SH042C                   161    1    N    I    1    0   No   No
        0  No
        1  Yes
    (m) 9  Missing
   (na)    NotAppl
Fan                                            SH042D                   162    1    N    I    1    0   No   No
        0  No
        1  Yes
    (m) 9  Missing
   (na)    NotAppl
VCR/VCP                                        SH042H                   163    1    N    I    1    0   No   No
        0  No
        1  Yes
    (m) 9  Missing
   (na)    NotAppl
Tractor                                        SH042L                   164    1    N    I    1    0   No   No
        0  No
        1  Yes
    (m) 9  Missing
   (na)    NotAppl
Thrasher                                       SH042M                   165    1    N    I    1    0   No   No
        0  No
        1  Yes
    (m) 9  Missing
   (na)    NotAppl
Bullock Cart                                   SH042N                   166    1    N    I    1    0   No   No
        0  No
        1  Yes
    (m) 9  Missing
   (na)    NotAppl
Water Pump                                     SH042O                   167    1    N    I    1    0   No   No
        0  No
        1  Yes
    (m) 9  Missing
   (na)    NotAppl
Births last 2 yrs by usual res                 SH043                    168    1    N    I    1    0   No   No
        0  No
        1  Yes
    (m) 9  Missing
   (na)    NotAppl
How many births took place?                    SH044                    169    1    N    I    1    0   No   No
    (m) 9  Missing
   (na)    NotAppl
Births last 2 yrs by visitor                   SH045                    170    1    N    I    1    0   No   No
        0  No
        1  Yes
    (m) 9  Missing
   (na)    NotAppl
How many births took place?                    SH046                    171    1    N    I    1    0   No   No
    (m) 9  Missing
   (na)    NotAppl
Deaths last 2 yrs usual resid                  SH058                    172    1    N    I    1    0   No   No
        0  No
        1  Yes
    (m) 9  Missing
   (na)    NotAppl
How many persons died?                         SH059                    173    1    N    I    1    0   No   No
    (m) 9  Missing
   (na)    NotAppl
Deaths last 2 yrs visitors                     SH060                    174    1    N    I    1    0   No   No
        0  No
        1  Yes
    (m) 9  Missing
   (na)    NotAppl
How many deaths took place?                    SH061                    175    1    N    I    1    0   No   No
    (m) 9  Missing
   (na)    NotAppl
Recoded Household Caste                        SHCASTE                  176    1    N    I    1    0   No   No
        0  Scheduled Caste
        1  Scheduled Tribe
        2  Other
    (m) 9  Missing
   (na)    NotAppl
State HH weight (6 decimals)                   SHWEIGHT                 177    8    N    I    1    0   No   No
   (na)           NotAppl
Name of District HH Info                       SHDIST                   185    2    N    I    1    0   No   No
Tehsil or Taluq                                SHTEHSIL                 187    3    N    I    1    0   No   No
Start of HH interview (hour)                   SHHOURS                  190    2    N    I    1    0   No   No
        0:23  
    (m) 99    Missing
   (na)       NotAppl
Start of HHinterview (minutes)                 SHMINS                   192    2    N    I    1    0   No   No
        0:59  
    (m) 99    Missing
   (na)       NotAppl
End Hour of HH Interview                       SHHOURE                  194    2    N    I    1    0   No   No
        0:23  
        97    
    (m) 99    Missing
   (na)       NotAppl
End Minute of HH Interview                     SHMINE                   196    2    N    I    1    0   No   No
        0:59  
        97    
    (m) 99    Missing
   (na)       NotAppl
Lives in Backward Dist or not                  SHBACKWD                 198    1    N    I    1    0   No   No
        0  Not Backward Dist
        1  Backward District
   (na)    NotAppl
Line number                                    HVIDX                    199    2    N    I   41    0   No   No
        1:90  
Relationship to head                           HV101                    281    2    N    I   41    0   No   No
        1   Head
        2   Wife or husband
        3   Son/daughter
        4   Son/daughter-in-law
        5   Grandchild
        6   Parent
        7   Parent-in-law
        8   Brother/sister
        9   Co-spouse
        10  Other relative
        11  Adopted/foster child
        12  Not related
        98  DK
    (m) 99  Missing
Usual resident                                 HV102                    363    1    N    I   41    0   No   No
        0  No
        1  Yes
    (m) 9  Missing
Slept last night                               HV103                    404    1    N    I   41    0   No   No
        0  No
        1  Yes
    (m) 9  Missing
Sex of household member                        HV104                    445    1    N    I   41    0   No   No
        1  Male
        2  Female
    (m) 9  Missing
Age of household members                       HV105                    486    2    N    I   41    0   No   No
        0:96  
        97    97+
        98    DK
    (m) 99    Missing
Highest educational level                      HV106                    568    1    N    I   41    0   No   No
        0  No education
        1  Primary
        2  Secondary
        3  Higher
        8  DK
    (m) 9  Missing
   (na)    NotAppl
Highest year of education                      HV107                    609    2    N    I   41    0   No   No
    (m) 99  Missing
   (na)     NotAppl
Education in single years                      HV108                    691    2    N    I   41    0   No   No
        0:24  
        97    Inconsistent
        98    DK
    (m) 99    Missing
   (na)       NotAppl
Educational attainment                         HV109                    773    1    N    I   41    0   No   No
        0  No education
        1  Incomplete primary
        2  Complete primary
        3  Incomplete secondary
        4  Complete secondary
        5  Higher
        8  DK
    (m) 9  Missing
Member still in school                         HV110                    814    1    N    I   41    0   No   No
        0  No
        1  Yes
    (m) 9  Missing
Mother alive NA                                HV111                    855    1    N    I   41    0   No   No
        0:1  
        8    
    (m) 9    Missing
   (na)      NotAppl
Mother's line number NA                        HV112                    896    2    N    I   41    0   No   No
        0:90  
    (m) 99    Missing
   (na)       NotAppl
Father alive NA                                HV113                    978    1    N    I   41    0   No   No
        0:1  
        8    
    (m) 9    Missing
   (na)      NotAppl
Father's line number NA                        HV114                   1019    2    N    I   41    0   No   No
        0:90  
    (m) 99    Missing
   (na)       NotAppl
Current marital status                         HV115                   1101    1    N    I   41    0   No   No
        0  Never married
        1  Married
        2  Living together
        3  Widowed
        4  Divorced
        5  Not living together
        6  Marr/ No Ganua
    (m) 9  Missing
   (na)    NotAppl
Currently, formerly, never m.                  HV116                   1142    1    N    I   41    0   No   No
        0  Never married
        1  Currently married
        2  Formerly/ever marr.
        3  Married/No Gauna
    (m) 9  Missing
   (na)    NotAppl
Eligibility for female intview                 HV117                   1183    1    N    I   41    0   No   No
        0  Not eligible
        1  Eligible
   (na)    NotAppl
Eligibility for male interview                 HV118                   1224    1    N    I   41    0   No   No
        0  Not eligible
        1  Eligible
   (na)    NotAppl
Index to household schedule                    IDXH4                   1265    2    N    I   41    0   No   No
        1:90  
Read and Write                                 SHRDWRT                 1347    1    N    I   41    0   No   No
        0  No
        1  Yes
    (m) 9  Missing
   (na)    NotAppl
Occupation                                     SHOCCUP                 1388    2    N    I   41    0   No   No
        1   Prof-Tech High Level
        2   Prof-Tech Low Level
        3   Admin/Exec/Managers
        4   Clerical
        5   Sales Workers
        6   Service Workers
        7   Farm,Fish,Hunt,Log
        8   Production, Transpor
        9   Household Duties
        10  Students
        11  Retired Persons
        12  Beggars
        13  Inmates of Institut
        14  Disabled Persons
        15  Unemployed Persons
        16  Other
        98  Don't Know
    (m) 99  Missing
   (na)     NotAppl
Suffer from Blindness                          SHBLIND                 1470    1    N    I   41    0   No   No
        1  Yes, partial
        2  Yes, complete
        3  No
    (m) 9  Missing
Suffer from Tuberculosis                       SHTUB                   1511    1    N    I   41    0   No   No
        0  No
        1  Yes
    (m) 9  Missing
   (na)    NotAppl
Suffer from Leprosy                            SHLEP                   1552    1    N    I   41    0   No   No
        0  No
        1  Yes
    (m) 9  Missing
   (na)    NotAppl
Impairment of Limbs                            SHLIMB                  1593    1    N    I   41    0   No   No
        1  Yes, Hands
        2  Yes, Legs
        3  Yes, Both
        4  No
    (m) 9  Missing
   (na)    NotAppl
Suffer fr Malaria last 3 mos                   SHMAL                   1634    1    N    I   41    0   No   No
        0  No
        1  Yes
    (m) 9  Missing
   (na)    NotAppl
Education Recode 4 Categories                  SHEDUCR4                1675    1    N    I   41    0   No   No
        0  Illiterate
        1  Literate - primary
        2  Middle Complete
        3  High School +
        4  Missing
   (na)    NotAppl
Recoded Educ 6 Categories                      SHEDUCR6                1716    1    N    I   41    0   No   No
        0  Illiterate
        1  Literate, prim inc
        2  Primary Complete
        3  Middle School Comp
        4  High School Complete
        5  University
        6  Missing
   (na)    NotAppl
Line number of child                           SBLINE                  1757    2    N    I   10    0   No   No
        1:10  
   (na)       NotAppl
Mother resident or visitor                     SH049                   1777    1    N    I   10    0   No   No
        1  Yes
        2  No
    (m) 9  Missing
   (na)    NotAppl
Mother's line number                           SH050                   1787    2    N    I   10    0   No   No
        1:48  
        95    Mother Died
        96    Left HH
    (m) 99    Missing
   (na)       NotAppl
Age of Mother at Birth                         SH051                   1807    2    N    I   10    0   No   No
        9:60  
    (m) 99    Missing
   (na)       NotAppl
Single or multiple birth                       SH052                   1827    1    N    I   10    0   No   No
        1  Single
        2  Multiple
    (m) 9  Missing
   (na)    NotAppl
Sex of child                                   SH053                   1837    1    N    I   10    0   No   No
        1  Boy
        2  Girl
    (m) 9  Missing
   (na)    NotAppl
Child's month of birth                         SH054M                  1847    2    N    I   10    0   No   No
        1   January
        2   February
        3   March
        4   April
        5   May
        6   June
        7   July
        8   August
        9   September
        10  October
        11  November
        12  December
        98  DK
    (m) 99  Missing
   (na)     NotAppl
Child's year of birth                          SH054Y                  1867    2    N    I   10    0   No   No
        90:93  
        98     DK
    (m) 99     Missing
   (na)        NotAppl
Child still alive                              SH055                   1887    1    N    I   10    0   No   No
        0  No
        1  Yes
    (m) 9  Missing
   (na)    NotAppl
Days/months (Units)                            SH056U                  1897    1    N    I   10    0   No   No
        1  Days
        2  Months
        9  Special answers
   (na)    NotAppl
Number days or months at death                 SH056N                  1907    2    N    I   10    0   No   No
        0:48  
    (m) 99    Missing
   (na)       NotAppl
Line number of person who died                 SDLINE                  1927    2    N    I   10    0   No   No
        1:10  
   (na)       NotAppl
Usual resident or visitor                      SH064                   1947    1    N    I   10    0   No   No
        1  Resident
        2  Visitor
    (m) 9  Missing
   (na)    NotAppl
Sex                                            SH065                   1957    1    N    I   10    0   No   No
        1  Male
        2  Female
    (m) 9  Missing
   (na)    NotAppl
Days/Months/Years(Units) death                 SH066U                  1967    1    N    I   10    0   No   No
        1  Days
        2  Months
        3  Years
        9  Special answers
   (na)    NotAppl
Days/Months/Years (No.) death                  SH066N                  1977    2    N    I   10    0   No   No
        0:95  
        96    96 or greater
        98    DK
    (m) 99    Missing
   (na)       NotAppl
Month of death                                 SH067M                  1997    2    N    I   10    0   No   No
        1   January
        2   February
        3   March
        4   April
        5   May
        6   June
        7   July
        8   August
        9   September
        10  October
        11  November
        12  December
        98  DK
    (m) 99  Missing
   (na)     NotAppl
Year of death                                  SH067Y                  2017    2    N    I   10    0   No   No
        90:93  
        98     DK
    (m) 99     Missing
   (na)        NotAppl
13-49 years at time of death                   SH068                   2037    1    N    I   10    0   No   No
        0  No
        1  Yes
    (m) 9  Missing
   (na)    NotAppl
Pregnant at time of death                      SH069                   2047    1    N    I   10    0   No   No
        0  No
        1  Yes
    (m) 9  Missing
   (na)    NotAppl
Die during childbirth                          SH070                   2057    1    N    I   10    0   No   No
        0  No
        1  Yes
    (m) 9  Missing
   (na)    NotAppl
Die w/in 2 mos. after end preg                 SH071                   2067    1    N    I   10    0   No   No
        0  No
        1  Yes
    (m) 9  Missing
   (na)    NotAppl
Death due complication of preg                 SH072                   2077    1    N    I   10    0   No   No
        0  No
        1  Yes
    (m) 9  Missing
   (na)    NotAppl
Causes of Death                                SH073                   2087    2    N    I   10    0   No   No
        0      Other Answers
        1      Old Age
        10:20  
        21     Malaria
        22     Influenza
        23     Typhoid
        24:30  
        31     Gastro-enteritis
        32     Cholera
        33     
        34     Ulcer
        35     
        36     Dysentery
        37     Debility/Malnutri
        38:40  
        41     TB
        42     Bronchitis
        43     Asthma
        44     Pneumonia
        45:51  
        52     Meningitis
        53:60  
        61     Anemia
        62     Heart Disease
        63     Heart Attack
        64:69  
        70     Diabetes
        71     Cirrhosis
        72     Jaundice
        73     Small Pox
        74     Measles
        75     Leprosy
        76     Tetanus
        77     Polio-myelitis
        78     Mental disease
        79     Cancer
        80     
        81     Prematurity
        82:85  
        86     Diarrhea/newborn
        87:91  
        98     
    (m) 99     Missing
   (na)        NotAppl
--------------------------------------------------------------------------------------------------------------
Relation Name         Primary               Linked by             Secondary             Linked by
--------------------------------------------------------------------------------------------------------------
